// Jest Snapshot v1, https://goo.gl/fbAQLP

exports[`Bikes if bikes mocked automatically 1`] = `
[
  <div
    className="swiper-button image-swiper-button-next"
  />,
  <div
    className="swiper-button image-swiper-button-prev"
  />,
  <p>
    <img
      onClick={[Function]}
      src="https://images.unsplash.com/photo-1610000000000-000000000000?ixid=MnwxMjA3fDB8MHxwaG90by1wYWdlfHx8fGVufDB8fHx8&ixlib=rb-1.2.1&auto=format&fit=crop&w=500&q=60"
    />
    <h3>
      Bike
       
      Brand
    </h3>
    <p>
       
      escription
      <span
        onClick={[Function]}
        style={
          {
            "cursor": "pointer",
          }
        }
      >
        ...
      </span>
    </p>
  </p>,
]
`;
